; Autonomous warehouse: . floor, # wall, S shelf, P packing, C charging
##############################################################################################################
#............................................................................................................#
#C..........................................................................................................P#
#...SS....SS....SS....SS....SS....SS....SS....SS....SS....SS....SS....SS....SS....SS....SS....SS....SS....S..#
#...SS....SS....SS....SS....SS....SS....SS....SS....SS....SS....SS....SS....SS....SS....SS....SS....SS....S..#
#C..........................................................................................................P#
#...SS....SS....SS....SS....SS....SS....SS....SS....SS....SS....SS....SS....SS....SS....SS....SS....SS....S..#
#...SS....SS....SS....SS....SS....SS....SS....SS....SS....SS....SS....SS....SS....SS....SS....SS....SS....S..#
#C..SS....SS....SS....SS....SS....SS....SS....SS....SS....SS....SS....SS....SS....SS....SS....SS....SS....S.P#
#...SS....SS....SS....SS....SS....SS....SS....SS....SS....SS....SS....SS....SS....SS....SS....SS....SS....S..#
#............................................................................................................#
#C..SS....SS....SS....SS....SS....SS....SS....SS....SS....SS....SS....SS....SS....SS....SS....SS....SS....S.P#
#...SS....SS....SS....SS....SS....SS....SS....SS....SS....SS....SS....SS....SS....SS....SS....SS....SS....S..#
#...SS....SS....SS....SS....SS....SS....SS....SS....SS....SS....SS....SS....SS....SS....SS....SS....SS....S..#
#C..SS....SS....SS....SS....SS....SS....SS....SS....SS....SS....SS....SS....SS....SS....SS....SS....SS....S.P#
#............................................................................................................#
#...SS....SS....SS....SS....SS....SS....SS....SS....SS....SS....SS....SS....SS....SS....SS....SS....SS....S..#
#C..SS....SS....SS....SS....SS....SS....SS....SS....SS....SS....SS....SS....SS....SS....SS....SS....SS....S.P#
#...SS....SS....SS....SS....SS....SS....SS....SS....SS....SS....SS....SS....SS....SS....SS....SS....SS....S..#
#...SS....SS....SS....SS....SS....SS....SS....SS....SS....SS....SS....SS....SS....SS....SS....SS....SS....S..#
#C..........................................................................................................P#
#...SS....SS....SS....SS....SS....SS....SS....SS....SS....SS....SS....SS....SS....SS....SS....SS....SS....S..#
#...SS....SS....SS....SS....SS....SS....SS....SS....SS....SS....SS....SS....SS....SS....SS....SS....SS....S..#
#C..SS....SS....SS....SS....SS....SS....SS....SS....SS....SS....SS....SS....SS....SS....SS....SS....SS....S.P#
#...SS....SS....SS....SS....SS....SS....SS....SS....SS....SS....SS....SS....SS....SS....SS....SS....SS....S..#
#............................................................................................................#
#C..SS....SS....SS....SS....SS....SS....SS....SS....SS....SS....SS....SS....SS....SS....SS....SS....SS....S.P#
#...SS....SS....SS....SS....SS....SS....SS....SS....SS....SS....SS....SS....SS....SS....SS....SS....SS....S..#
#...SS....SS....SS....SS....SS....SS....SS....SS....SS....SS....SS....SS....SS....SS....SS....SS....SS....S..#
#C..SS....SS....SS....SS....SS....SS....SS....SS....SS....SS....SS....SS....SS....SS....SS....SS....SS....S.P#
#............................................................................................................#
#...SS....SS....SS....SS....SS....SS....SS....SS....SS....SS....SS....SS....SS....SS....SS....SS....SS....S..#
#C..SS....SS....SS....SS....SS....SS....SS....SS....SS....SS....SS....SS....SS....SS....SS....SS....SS....S.P#
#...SS....SS....SS....SS....SS....SS....SS....SS....SS....SS....SS....SS....SS....SS....SS....SS....SS....S..#
#...SS....SS....SS....SS....SS....SS....SS....SS....SS....SS....SS....SS....SS....SS....SS....SS....SS....S..#
#C..........................................................................................................P#
#...SS....SS....SS....SS....SS....SS....SS....SS....SS....SS....SS....SS....SS....SS....SS....SS....SS....S..#
#...SS....SS....SS....SS....SS....SS....SS....SS....SS....SS....SS....SS....SS....SS....SS....SS....SS....S..#
#C..SS....SS....SS....SS....SS....SS....SS....SS....SS....SS....SS....SS....SS....SS....SS....SS....SS....S.P#
#...SS....SS....SS....SS....SS....SS....SS....SS....SS....SS....SS....SS....SS....SS....SS....SS....SS....S..#
#............................................................................................................#
#C..SS....SS....SS....SS....SS....SS....SS....SS....SS....SS....SS....SS....SS....SS....SS....SS....SS....S.P#
#...SS....SS....SS....SS....SS....SS....SS....SS....SS....SS....SS....SS....SS....SS....SS....SS....SS....S..#
#...SS....SS....SS....SS....SS....SS....SS....SS....SS....SS....SS....SS....SS....SS....SS....SS....SS....S..#
#C..SS....SS....SS....SS....SS....SS....SS....SS....SS....SS....SS....SS....SS....SS....SS....SS....SS....S.P#
#............................................................................................................#
#...SS....SS....SS....SS....SS....SS....SS....SS....SS....SS....SS....SS....SS....SS....SS....SS....SS....S..#
#C..SS....SS....SS....SS....SS....SS....SS....SS....SS....SS....SS....SS....SS....SS....SS....SS....SS....S.P#
#...SS....SS....SS....SS....SS....SS....SS....SS....SS....SS....SS....SS....SS....SS....SS....SS....SS....S..#
#...SS....SS....SS....SS....SS....SS....SS....SS....SS....SS....SS....SS....SS....SS....SS....SS....SS....S..#
#C..........................................................................................................P#
#...SS....SS....SS....SS....SS....SS....SS....SS....SS....SS....SS....SS....SS....SS....SS....SS....SS....S..#
#...SS....SS....SS....SS....SS....SS....SS....SS....SS....SS....SS....SS....SS....SS....SS....SS....SS....S..#
#C..SS....SS....SS....SS....SS....SS....SS....SS....SS....SS....SS....SS....SS....SS....SS....SS....SS....S.P#
#...SS....SS....SS....SS....SS....SS....SS....SS....SS....SS....SS....SS....SS....SS....SS....SS....SS....S..#
#............................................................................................................#
#C..SS....SS....SS....SS....SS....SS....SS....SS....SS....SS....SS....SS....SS....SS....SS....SS....SS....S.P#
#...SS....SS....SS....SS....SS....SS....SS....SS....SS....SS....SS....SS....SS....SS....SS....SS....SS....S..#
#...SS....SS....SS....SS....SS....SS....SS....SS....SS....SS....SS....SS....SS....SS....SS....SS....SS....S..#
#C..SS....SS....SS....SS....SS....SS....SS....SS....SS....SS....SS....SS....SS....SS....SS....SS....SS....S.P#
#............................................................................................................#
#...SS....SS....SS....SS....SS....SS....SS....SS....SS....SS....SS....SS....SS....SS....SS....SS....SS....S..#
#C..SS....SS....SS....SS....SS....SS....SS....SS....SS....SS....SS....SS....SS....SS....SS....SS....SS....S.P#
#...SS....SS....SS....SS....SS....SS....SS....SS....SS....SS....SS....SS....SS....SS....SS....SS....SS....S..#
#...SS....SS....SS....SS....SS....SS....SS....SS....SS....SS....SS....SS....SS....SS....SS....SS....SS....S..#
#C..........................................................................................................P#
#...SS....SS....SS....SS....SS....SS....SS....SS....SS....SS....SS....SS....SS....SS....SS....SS....SS....S..#
#...SS....SS....SS....SS....SS....SS....SS....SS....SS....SS....SS....SS....SS....SS....SS....SS....SS....S..#
#C..SS....SS....SS....SS....SS....SS....SS....SS....SS....SS....SS....SS....SS....SS....SS....SS....SS....S.P#
#...SS....SS....SS....SS....SS....SS....SS....SS....SS....SS....SS....SS....SS....SS....SS....SS....SS....S..#
#............................................................................................................#
#C..SS....SS....SS....SS....SS....SS....SS....SS....SS....SS....SS....SS....SS....SS....SS....SS....SS....S.P#
#...SS....SS....SS....SS....SS....SS....SS....SS....SS....SS....SS....SS....SS....SS....SS....SS....SS....S..#
#...SS....SS....SS....SS....SS....SS....SS....SS....SS....SS....SS....SS....SS....SS....SS....SS....SS....S..#
#C..SS....SS....SS....SS....SS....SS....SS....SS....SS....SS....SS....SS....SS....SS....SS....SS....SS....S.P#
#............................................................................................................#
#...SS....SS....SS....SS....SS....SS....SS....SS....SS....SS....SS....SS....SS....SS....SS....SS....SS....S..#
#C..SS....SS....SS....SS....SS....SS....SS....SS....SS....SS....SS....SS....SS....SS....SS....SS....SS....S.P#
#...SS....SS....SS....SS....SS....SS....SS....SS....SS....SS....SS....SS....SS....SS....SS....SS....SS....S..#
#............................................................................................................#
#............................................................................................................#
##############################################################################################################
